// Vitest Snapshot v1, https://vitest.dev/guide/snapshot.html

exports[`feature-coverage matrix: class features > counts: wired vs stub split is stable 1`] = `
{
  "stub": 76,
  "total": 173,
  "wired": 97,
}
`;

exports[`feature-coverage matrix: class features > every named class feature parses (id + level + status snapshot) 1`] = `
[
  "barbarian L1 rage [wired]",
  "barbarian L1 unarmored-defense-barbarian-feature [wired]",
  "barbarian L2 danger-sense [wired]",
  "barbarian L2 reckless-attack [wired]",
  "barbarian L3 primal-knowledge [stub]",
  "barbarian L3 rage-uses-3 [wired]",
  "barbarian L5 extra-attack-barb [wired]",
  "barbarian L5 fast-movement [wired]",
  "barbarian L6 rage-uses-4 [wired]",
  "barbarian L7 feral-instinct [wired]",
  "barbarian L7 instinctive-pounce [stub]",
  "barbarian L9 brutal-strike [stub]",
  "barbarian L11 relentless-rage [stub]",
  "barbarian L12 rage-uses-5 [wired]",
  "barbarian L13 improved-brutal-strike [stub]",
  "barbarian L15 persistent-rage [stub]",
  "barbarian L17 improved-brutal-strike-mighty-roar [stub]",
  "barbarian L17 rage-uses-6 [wired]",
  "barbarian L18 indomitable-might [stub]",
  "barbarian L20 primal-champion [stub]",
  "bard L1 bardic-inspiration [wired]",
  "bard L2 jack-of-all-trades [wired]",
  "bard L3 expertise-bard [wired]",
  "bard L5 bardic-inspiration-d8 [wired]",
  "bard L5 font-of-inspiration [wired]",
  "bard L7 countercharm [stub]",
  "bard L9 expertise-bard-9 [wired]",
  "bard L10 bardic-inspiration-d10 [wired]",
  "bard L10 magical-secrets [stub]",
  "bard L15 bardic-inspiration-d12 [wired]",
  "bard L20 superior-inspiration [stub]",
  "cleric L1 channel-divinity [wired]",
  "cleric L2 divine-spark [stub]",
  "cleric L5 sear-undead [stub]",
  "cleric L6 channel-divinity-cleric-2 [wired]",
  "cleric L7 blessed-strikes [wired]",
  "cleric L10 divine-intervention [stub]",
  "cleric L17 improved-blessed-strikes [stub]",
  "cleric L18 channel-divinity-cleric-3 [wired]",
  "cleric L20 improved-divine-intervention [stub]",
  "druid L1 druidic [wired]",
  "druid L2 wild-companion [wired]",
  "druid L2 wild-shape [wired]",
  "druid L5 wild-resurgence [stub]",
  "druid L5 wild-shape-uses-3 [wired]",
  "druid L7 elemental-fury [stub]",
  "druid L9 wild-shape-uses-4 [wired]",
  "druid L13 wild-shape-uses-5 [wired]",
  "druid L15 improved-elemental-fury [stub]",
  "druid L17 wild-shape-uses-6 [wired]",
  "druid L18 beast-spells [stub]",
  "druid L20 archdruid [stub]",
  "fighter L1 fighting-style-fighter [wired]",
  "fighter L1 second-wind [wired]",
  "fighter L2 action-surge [wired]",
  "fighter L5 extra-attack [wired]",
  "fighter L5 tactical-mind [stub]",
  "fighter L9 indomitable [wired]",
  "fighter L9 tactical-shift [stub]",
  "fighter L11 extra-attack-2 [wired]",
  "fighter L11 tactical-master [stub]",
  "fighter L13 indomitable-2 [wired]",
  "fighter L13 studied-attacks [stub]",
  "fighter L17 action-surge-2 [wired]",
  "fighter L20 extra-attack-3 [wired]",
  "fighter L20 indomitable-3 [wired]",
  "monk L1 martial-arts [wired]",
  "monk L1 unarmored-defense-monk [wired]",
  "monk L2 monks-focus [wired]",
  "monk L2 unarmored-movement-monk [wired]",
  "monk L2 uncanny-metabolism [stub]",
  "monk L3 deflect-attacks [stub]",
  "monk L4 slow-fall [wired]",
  "monk L5 extra-attack-monk [wired]",
  "monk L5 ki-uses-5 [wired]",
  "monk L5 martial-arts-die-d8 [stub]",
  "monk L5 stunning-strike [wired]",
  "monk L6 empowered-strikes [stub]",
  "monk L7 evasion-monk [wired]",
  "monk L7 heightened-mobility [stub]",
  "monk L9 acrobatic-movement [stub]",
  "monk L10 ki-uses-10 [wired]",
  "monk L11 martial-arts-die-d10 [stub]",
  "monk L13 deflect-energy [stub]",
  "monk L15 ki-uses-15 [wired]",
  "monk L15 perfect-focus [stub]",
  "monk L17 martial-arts-die-d12 [stub]",
  "monk L18 empty-body [stub]",
  "monk L20 body-and-mind [stub]",
  "monk L20 ki-uses-20 [wired]",
  "paladin L1 lay-on-hands [wired]",
  "paladin L2 fighting-style-paladin [wired]",
  "paladin L3 channel-divinity-paladin [wired]",
  "paladin L5 extra-attack-paladin [wired]",
  "paladin L5 faithful-steed [stub]",
  "paladin L6 aura-of-protection [wired]",
  "paladin L9 abjure-foes [stub]",
  "paladin L10 aura-of-courage [wired]",
  "paladin L11 radiant-strike [stub]",
  "paladin L14 restoring-touch [stub]",
  "paladin L18 aura-of-courage [wired]",
  "paladin L18 aura-of-protection [wired]",
  "ranger L1 favored-enemy [wired]",
  "ranger L1 weapon-mastery-ranger [wired]",
  "ranger L2 deft-explorer [wired]",
  "ranger L2 fighting-style-ranger [wired]",
  "ranger L5 extra-attack-ranger [wired]",
  "ranger L5 hunters-mark-uses-3 [wired]",
  "ranger L6 roving [wired]",
  "ranger L9 hunters-mark-uses-4 [wired]",
  "ranger L9 natures-veil [stub]",
  "ranger L10 tireless [stub]",
  "ranger L13 hunters-mark-uses-5 [wired]",
  "ranger L13 relentless-hunter [stub]",
  "ranger L17 hunters-mark-uses-6 [wired]",
  "ranger L18 feral-senses [wired]",
  "ranger L20 foe-slayer [stub]",
  "rogue L1 expertise-rogue [wired]",
  "rogue L1 sneak-attack [wired]",
  "rogue L1 thieves-cant [stub]",
  "rogue L1 weapon-mastery-rogue [wired]",
  "rogue L2 cunning-action [stub]",
  "rogue L3 sneak-attack [wired]",
  "rogue L3 steady-aim [stub]",
  "rogue L5 cunning-strike [stub]",
  "rogue L5 sneak-attack [wired]",
  "rogue L6 expertise-rogue-2 [wired]",
  "rogue L7 evasion-rogue [wired]",
  "rogue L7 sneak-attack [wired]",
  "rogue L9 sneak-attack [wired]",
  "rogue L11 reliable-talent [stub]",
  "rogue L11 sneak-attack [wired]",
  "rogue L13 sneak-attack [wired]",
  "rogue L14 improved-cunning-strike [stub]",
  "rogue L15 slippery-mind [wired]",
  "rogue L15 sneak-attack [wired]",
  "rogue L17 sneak-attack [wired]",
  "rogue L18 devious-strikes [stub]",
  "rogue L19 sneak-attack [wired]",
  "rogue L20 stroke-of-luck [stub]",
  "sorcerer L1 innate-sorcery [wired]",
  "sorcerer L2 font-of-magic [wired]",
  "sorcerer L2 metamagic [wired]",
  "sorcerer L5 sorcerous-restoration [wired]",
  "sorcerer L5 sorcery-points-5 [wired]",
  "sorcerer L10 metamagic-known-3 [stub]",
  "sorcerer L10 sorcery-points-10 [wired]",
  "sorcerer L15 sorcery-points-15 [wired]",
  "sorcerer L17 metamagic-known-4 [stub]",
  "sorcerer L17 sorcery-points-17 [wired]",
  "sorcerer L20 arcane-apotheosis [stub]",
  "sorcerer L20 sorcery-points-20 [wired]",
  "warlock L1 eldritch-invocations-2 [stub]",
  "warlock L2 eldritch-invocations-3 [stub]",
  "warlock L2 magical-cunning [stub]",
  "warlock L3 pact-boon [stub]",
  "warlock L5 eldritch-invocations-4 [stub]",
  "warlock L7 eldritch-invocations-5 [stub]",
  "warlock L9 eldritch-invocations-6 [stub]",
  "warlock L11 mystic-arcanum-6 [stub]",
  "warlock L12 eldritch-invocations-7 [stub]",
  "warlock L13 mystic-arcanum-7 [stub]",
  "warlock L15 eldritch-invocations-8 [stub]",
  "warlock L15 mystic-arcanum-8 [stub]",
  "warlock L17 mystic-arcanum-9 [stub]",
  "warlock L18 eldritch-invocations-9 [stub]",
  "warlock L20 eldritch-master [stub]",
  "wizard L1 arcane-recovery [wired]",
  "wizard L1 ritual-adept [stub]",
  "wizard L2 scholar [wired]",
  "wizard L5 memorize-spell [stub]",
  "wizard L18 spell-mastery [stub]",
  "wizard L20 signature-spells [stub]",
]
`;

exports[`feature-coverage matrix: conditions > every condition is shipped with status + effects count 1`] = `
[
  {
    "effectsCount": 1,
    "id": "aid-buffed",
    "stackable": false,
  },
  {
    "effectsCount": 1,
    "id": "aura-of-courage-active",
    "stackable": false,
  },
  {
    "effectsCount": 6,
    "id": "aura-of-protection-active",
    "stackable": false,
  },
  {
    "effectsCount": 7,
    "id": "baned",
    "stackable": false,
  },
  {
    "effectsCount": 7,
    "id": "blessed",
    "stackable": false,
  },
  {
    "effectsCount": 1,
    "id": "blinded",
    "stackable": false,
  },
  {
    "effectsCount": 1,
    "id": "branding-smite-active",
    "stackable": false,
  },
  {
    "effectsCount": 0,
    "id": "charmed",
    "stackable": false,
  },
  {
    "effectsCount": 1,
    "id": "crusaders-mantle-active",
    "stackable": false,
  },
  {
    "effectsCount": 0,
    "id": "deafened",
    "stackable": false,
  },
  {
    "effectsCount": 1,
    "id": "divine-favor-active",
    "stackable": false,
  },
  {
    "effectsCount": 2,
    "id": "dodged",
    "stackable": false,
  },
  {
    "effectsCount": 0,
    "id": "exhaustion",
    "stackable": true,
  },
  {
    "effectsCount": 1,
    "id": "faerie-fired",
    "stackable": false,
  },
  {
    "effectsCount": 3,
    "id": "freedom-of-movement-active",
    "stackable": false,
  },
  {
    "effectsCount": 1,
    "id": "frenzied",
    "stackable": false,
  },
  {
    "effectsCount": 2,
    "id": "frightened",
    "stackable": false,
  },
  {
    "effectsCount": 1,
    "id": "grappled",
    "stackable": false,
  },
  {
    "effectsCount": 0,
    "id": "guided",
    "stackable": false,
  },
  {
    "effectsCount": 0,
    "id": "incapacitated",
    "stackable": false,
  },
  {
    "effectsCount": 1,
    "id": "invisible",
    "stackable": false,
  },
  {
    "effectsCount": 1,
    "id": "mage-armored",
    "stackable": false,
  },
  {
    "effectsCount": 3,
    "id": "paralyzed",
    "stackable": false,
  },
  {
    "effectsCount": 3,
    "id": "petrified",
    "stackable": false,
  },
  {
    "effectsCount": 3,
    "id": "poisoned",
    "stackable": false,
  },
  {
    "effectsCount": 1,
    "id": "prone",
    "stackable": false,
  },
  {
    "effectsCount": 4,
    "id": "restrained",
    "stackable": false,
  },
  {
    "effectsCount": 1,
    "id": "sacred-weapon-active",
    "stackable": false,
  },
  {
    "effectsCount": 1,
    "id": "searing-smite-active",
    "stackable": false,
  },
  {
    "effectsCount": 1,
    "id": "shielded",
    "stackable": false,
  },
  {
    "effectsCount": 2,
    "id": "stunned",
    "stackable": false,
  },
  {
    "effectsCount": 1,
    "id": "thunderous-smite-active",
    "stackable": false,
  },
  {
    "effectsCount": 3,
    "id": "unconscious",
    "stackable": false,
  },
  {
    "effectsCount": 1,
    "id": "wrathful-smite-active",
    "stackable": false,
  },
]
`;

exports[`feature-coverage matrix: feats > feat catalog by category + wire status is stable 1`] = `
[
  {
    "category": "epic-boon",
    "id": "boon-of-combat-prowess",
    "status": "stub",
  },
  {
    "category": "epic-boon",
    "id": "boon-of-dimensional-travel",
    "status": "stub",
  },
  {
    "category": "epic-boon",
    "id": "boon-of-energy-resistance",
    "status": "stub",
  },
  {
    "category": "epic-boon",
    "id": "boon-of-fortitude",
    "status": "stub",
  },
  {
    "category": "epic-boon",
    "id": "boon-of-irresistible-offense",
    "status": "stub",
  },
  {
    "category": "epic-boon",
    "id": "boon-of-skill",
    "status": "stub",
  },
  {
    "category": "epic-boon",
    "id": "boon-of-spell-recall",
    "status": "stub",
  },
  {
    "category": "epic-boon",
    "id": "boon-of-the-night-spirit",
    "status": "stub",
  },
  {
    "category": "epic-boon",
    "id": "boon-of-truesight",
    "status": "stub",
  },
  {
    "category": "fighting-style",
    "id": "fighting-style-archery",
    "status": "wired",
  },
  {
    "category": "fighting-style",
    "id": "fighting-style-defense",
    "status": "wired",
  },
  {
    "category": "fighting-style",
    "id": "fighting-style-dueling",
    "status": "wired",
  },
  {
    "category": "fighting-style",
    "id": "fighting-style-great-weapon",
    "status": "stub",
  },
  {
    "category": "fighting-style",
    "id": "fighting-style-protection",
    "status": "stub",
  },
  {
    "category": "fighting-style",
    "id": "fighting-style-two-weapon",
    "status": "stub",
  },
  {
    "category": "general",
    "id": "great-weapon-master",
    "status": "stub",
  },
  {
    "category": "general",
    "id": "polearm-master",
    "status": "stub",
  },
  {
    "category": "general",
    "id": "resilient-con",
    "status": "stub",
  },
  {
    "category": "general",
    "id": "sharpshooter",
    "status": "stub",
  },
  {
    "category": "general",
    "id": "unarmored-defense-barbarian",
    "status": "wired",
  },
  {
    "category": "general",
    "id": "war-caster",
    "status": "stub",
  },
  {
    "category": "origin",
    "id": "alert",
    "status": "stub",
  },
  {
    "category": "origin",
    "id": "crafter",
    "status": "stub",
  },
  {
    "category": "origin",
    "id": "healer",
    "status": "stub",
  },
  {
    "category": "origin",
    "id": "lucky",
    "status": "wired",
  },
  {
    "category": "origin",
    "id": "magic-initiate-cleric",
    "status": "stub",
  },
  {
    "category": "origin",
    "id": "magic-initiate-druid",
    "status": "stub",
  },
  {
    "category": "origin",
    "id": "magic-initiate-wizard",
    "status": "stub",
  },
  {
    "category": "origin",
    "id": "musician",
    "status": "stub",
  },
  {
    "category": "origin",
    "id": "savage-attacker",
    "status": "stub",
  },
  {
    "category": "origin",
    "id": "skilled",
    "status": "stub",
  },
  {
    "category": "origin",
    "id": "tavern-brawler",
    "status": "stub",
  },
  {
    "category": "origin",
    "id": "tough",
    "status": "stub",
  },
]
`;

exports[`feature-coverage matrix: magic items > charges + effect-bearing magic items are stable 1`] = `
[
  {
    "effectsCount": 0,
    "hasCharges": false,
    "id": "amulet-of-health",
  },
  {
    "effectsCount": 0,
    "hasCharges": false,
    "id": "bag-of-holding",
  },
  {
    "effectsCount": 0,
    "hasCharges": false,
    "id": "boots-of-elvenkind",
  },
  {
    "effectsCount": 0,
    "hasCharges": false,
    "id": "cloak-of-protection",
  },
  {
    "effectsCount": 0,
    "hasCharges": false,
    "id": "deck-of-many-things",
  },
  {
    "effectsCount": 0,
    "hasCharges": false,
    "id": "flametongue-longsword",
  },
  {
    "effectsCount": 0,
    "hasCharges": false,
    "id": "gauntlets-of-ogre-power",
  },
  {
    "effectsCount": 0,
    "hasCharges": false,
    "id": "ring-of-protection",
  },
  {
    "effectsCount": 0,
    "hasCharges": true,
    "id": "wand-of-magic-missiles",
  },
]
`;

exports[`feature-coverage matrix: subclasses > subclass catalog with feature wire-status is stable 1`] = `
[
  "champion L3 improved-critical [wired]",
  "champion L3 remarkable-athlete [wired]",
  "circle-of-the-land L3 circle-of-the-land-cantrip [stub]",
  "circle-of-the-land L3 lands-aid [stub]",
  "college-of-lore L3 cutting-words [wired]",
  "college-of-lore L3 lore-bonus-proficiencies [wired]",
  "draconic-sorcery L3 draconic-resilience-ac [wired]",
  "draconic-sorcery L3 draconic-resilience-hp [stub]",
  "draconic-sorcery L3 draconic-spells [stub]",
  "evoker L3 evocation-savant [stub]",
  "evoker L3 sculpt-spells [stub]",
  "fiend-patron L3 dark-ones-blessing [stub]",
  "fiend-patron L3 fiend-spells [stub]",
  "hunter L3 hunters-lore [stub]",
  "hunter L3 hunters-prey [stub]",
  "life-domain L3 disciple-of-life [wired]",
  "life-domain L3 life-domain-armor-training [wired]",
  "oath-of-devotion L3 devotion-spells [stub]",
  "oath-of-devotion L3 sacred-weapon [wired]",
  "path-of-the-berserker L3 frenzy [wired]",
  "thief L3 fast-hands [stub]",
  "thief L3 second-story-work [wired]",
  "warrior-of-the-open-hand L3 open-hand-technique [stub]",
]
`;

exports[`feature-coverage matrix: weapon masteries > mastery → weapon mapping is stable 1`] = `
{
  "Cleave": [
    "greataxe",
    "halberd",
  ],
  "Graze": [
    "glaive",
    "greatsword",
  ],
  "Nick": [
    "dagger",
    "light-hammer",
    "scimitar",
    "sickle",
  ],
  "Push": [
    "crossbow-heavy",
    "pike",
    "warhammer",
  ],
  "Sap": [
    "flail",
    "longsword",
    "mace",
    "morningstar",
    "spear",
    "war-pick",
  ],
  "Slow": [
    "club",
    "crossbow-light",
    "javelin",
    "longbow",
    "sling",
    "whip",
  ],
  "Topple": [
    "battleaxe",
    "lance",
    "maul",
    "quarterstaff",
    "trident",
  ],
  "Vex": [
    "blowgun",
    "crossbow-hand",
    "dart",
    "handaxe",
    "rapier",
    "shortbow",
    "shortsword",
  ],
}
`;
