// Vitest Snapshot v1, https://vitest.dev/guide/snapshot.html

exports[`feature-coverage matrix: class features > wired class features catalog is stable 1`] = `
[
  "barbarian L1 rage",
  "barbarian L1 unarmored-defense-barbarian-feature",
  "barbarian L2 danger-sense",
  "barbarian L2 reckless-attack",
  "barbarian L3 rage-uses-3",
  "barbarian L5 extra-attack-barb",
  "barbarian L5 fast-movement",
  "barbarian L6 rage-uses-4",
  "barbarian L7 feral-instinct",
  "barbarian L12 rage-uses-5",
  "barbarian L17 rage-uses-6",
  "bard L1 bardic-inspiration",
  "bard L2 jack-of-all-trades",
  "bard L3 expertise-bard",
  "bard L5 bardic-inspiration-d8",
  "bard L5 font-of-inspiration",
  "bard L9 expertise-bard-9",
  "bard L10 bardic-inspiration-d10",
  "bard L15 bardic-inspiration-d12",
  "cleric L1 channel-divinity",
  "cleric L6 channel-divinity-cleric-2",
  "cleric L7 blessed-strikes",
  "cleric L18 channel-divinity-cleric-3",
  "druid L1 druidic",
  "druid L2 wild-companion",
  "druid L2 wild-shape",
  "druid L5 wild-shape-uses-3",
  "druid L9 wild-shape-uses-4",
  "druid L13 wild-shape-uses-5",
  "druid L17 wild-shape-uses-6",
  "fighter L1 fighting-style-fighter",
  "fighter L1 second-wind",
  "fighter L2 action-surge",
  "fighter L5 extra-attack",
  "fighter L9 indomitable",
  "fighter L11 extra-attack-2",
  "fighter L13 indomitable-2",
  "fighter L13 studied-attacks",
  "fighter L17 action-surge-2",
  "fighter L20 extra-attack-3",
  "fighter L20 indomitable-3",
  "monk L1 martial-arts",
  "monk L1 unarmored-defense-monk",
  "monk L2 monks-focus",
  "monk L2 unarmored-movement-monk",
  "monk L4 slow-fall",
  "monk L5 extra-attack-monk",
  "monk L5 ki-uses-5",
  "monk L5 stunning-strike",
  "monk L7 evasion-monk",
  "monk L10 ki-uses-10",
  "monk L15 ki-uses-15",
  "monk L20 ki-uses-20",
  "paladin L1 lay-on-hands",
  "paladin L2 fighting-style-paladin",
  "paladin L3 channel-divinity-paladin",
  "paladin L5 extra-attack-paladin",
  "paladin L6 aura-of-protection",
  "paladin L10 aura-of-courage",
  "paladin L18 aura-of-courage",
  "paladin L18 aura-of-protection",
  "ranger L1 favored-enemy",
  "ranger L1 weapon-mastery-ranger",
  "ranger L2 deft-explorer",
  "ranger L2 fighting-style-ranger",
  "ranger L5 extra-attack-ranger",
  "ranger L5 hunters-mark-uses-3",
  "ranger L6 roving",
  "ranger L9 hunters-mark-uses-4",
  "ranger L13 hunters-mark-uses-5",
  "ranger L17 hunters-mark-uses-6",
  "ranger L18 feral-senses",
  "rogue L1 expertise-rogue",
  "rogue L1 sneak-attack",
  "rogue L1 weapon-mastery-rogue",
  "rogue L3 sneak-attack",
  "rogue L5 sneak-attack",
  "rogue L6 expertise-rogue-2",
  "rogue L7 evasion-rogue",
  "rogue L7 sneak-attack",
  "rogue L9 sneak-attack",
  "rogue L11 sneak-attack",
  "rogue L13 sneak-attack",
  "rogue L15 slippery-mind",
  "rogue L15 sneak-attack",
  "rogue L17 sneak-attack",
  "rogue L19 sneak-attack",
  "sorcerer L1 innate-sorcery",
  "sorcerer L2 font-of-magic",
  "sorcerer L2 metamagic",
  "sorcerer L5 sorcerous-restoration",
  "sorcerer L5 sorcery-points-5",
  "sorcerer L10 sorcery-points-10",
  "sorcerer L15 sorcery-points-15",
  "sorcerer L17 sorcery-points-17",
  "sorcerer L20 sorcery-points-20",
  "wizard L1 arcane-recovery",
  "wizard L2 scholar",
]
`;

exports[`feature-coverage matrix: conditions > wired conditions catalog is stable 1`] = `
[
  "absorb-elements-charged-acid-active",
  "absorb-elements-charged-cold-active",
  "absorb-elements-charged-fire-active",
  "absorb-elements-charged-lightning-active",
  "absorb-elements-charged-thunder-active",
  "aid-buffed",
  "armor-of-agathys-active",
  "aura-of-courage-active",
  "aura-of-protection-active",
  "baned",
  "barkskin-active",
  "bears-endurance-active",
  "blade-warded-active",
  "blessed",
  "blinded",
  "blurred-active",
  "branding-smite-active",
  "bulls-strength-active",
  "cats-grace-active",
  "crusaders-mantle-active",
  "cursed-attacks-active",
  "cursed-vulnerable-active",
  "darkvision-active",
  "death-ward-active",
  "divine-favor-active",
  "dodged",
  "eagles-splendor-active",
  "earthbound-active",
  "emotion-suppressed-active",
  "enlarged-active",
  "faerie-fired",
  "feather-falling-active",
  "fire-shield-chill-active",
  "fire-shield-warm-active",
  "flying-active",
  "foresight-active",
  "foxs-cunning-active",
  "freedom-of-movement-active",
  "frenzied",
  "frightened",
  "grappled",
  "hasted-active",
  "healing-blocked-active",
  "held-paralyzed-active",
  "heroic-active",
  "hexed-active",
  "holy-aura-active",
  "holy-weapon-active",
  "invisible",
  "invulnerable-active",
  "longstrider-active",
  "mage-armored",
  "magic-circle-active",
  "mind-blanked-active",
  "owls-wisdom-active",
  "paralyzed",
  "pass-without-trace-active",
  "petrified",
  "poisoned",
  "prone",
  "protection-acid-active",
  "protection-cold-active",
  "protection-fire-active",
  "protection-from-evil-and-good-active",
  "protection-lightning-active",
  "protection-thunder-active",
  "reduced-active",
  "restrained",
  "sacred-weapon-active",
  "sanctuary-active",
  "searing-smite-active",
  "shield-of-faith-active",
  "shielded",
  "spider-climbing-active",
  "spirit-shroud-cold-active",
  "spirit-shroud-necrotic-active",
  "spirit-shroud-radiant-active",
  "stoneskin-active",
  "studied-target-active",
  "stunned",
  "thunderous-smite-active",
  "unconscious",
  "wrathful-smite-active",
]
`;

exports[`feature-coverage matrix: feats > wired feats catalog is stable 1`] = `
[
  "epic-boon:boon-of-truesight",
  "fighting-style:fighting-style-archery",
  "fighting-style:fighting-style-defense",
  "fighting-style:fighting-style-dueling",
  "fighting-style:fighting-style-great-weapon",
  "fighting-style:fighting-style-protection",
  "fighting-style:fighting-style-two-weapon",
  "general:unarmored-defense-barbarian",
  "origin:lucky",
]
`;

exports[`feature-coverage matrix: magic items > magic-item wire and charge state is stable 1`] = `
{
  "wiredIds": [],
  "withChargesIds": [
    "circlet-of-blasting",
    "driftglobe",
    "gem-of-brightness",
    "pearl-of-power",
    "pipes-of-haunting",
    "ring-of-animal-influence",
    "ring-of-evasion",
    "ring-of-shooting-stars",
    "ring-of-spell-storing",
    "ring-of-spell-turning",
    "ring-of-the-ram",
    "ring-of-three-wishes",
    "ring-of-x-ray-vision",
    "rod-of-the-pact-keeper-plus-1",
    "staff-of-charming",
    "staff-of-healing",
    "staff-of-the-adder",
    "wand-of-binding",
    "wand-of-enemy-detection",
    "wand-of-fear",
    "wand-of-fireballs",
    "wand-of-lightning-bolts",
    "wand-of-magic-detection",
    "wand-of-magic-missiles",
    "wand-of-paralysis",
    "wand-of-polymorph",
    "wand-of-pyrotechnics",
    "wand-of-secrets",
    "wand-of-web",
    "wand-of-wonder",
    "wind-fan",
  ],
}
`;

exports[`feature-coverage matrix: subclasses > wired subclass features catalog is stable 1`] = `
[
  "champion L3 improved-critical",
  "champion L3 remarkable-athlete",
  "college-of-lore L3 cutting-words",
  "college-of-lore L3 lore-bonus-proficiencies",
  "draconic-sorcery L3 draconic-resilience-ac",
  "life-domain L3 disciple-of-life",
  "life-domain L3 life-domain-armor-training",
  "oath-of-devotion L3 sacred-weapon",
  "path-of-the-berserker L3 frenzy",
  "thief L3 second-story-work",
]
`;

exports[`feature-coverage matrix: weapon masteries > mastery → weapon mapping is stable 1`] = `
{
  "Cleave": [
    "greataxe",
    "halberd",
  ],
  "Graze": [
    "glaive",
    "greatsword",
  ],
  "Nick": [
    "dagger",
    "light-hammer",
    "scimitar",
    "sickle",
  ],
  "Push": [
    "crossbow-heavy",
    "pike",
    "warhammer",
  ],
  "Sap": [
    "flail",
    "longsword",
    "mace",
    "morningstar",
    "spear",
    "war-pick",
  ],
  "Slow": [
    "club",
    "crossbow-light",
    "javelin",
    "longbow",
    "sling",
    "whip",
  ],
  "Topple": [
    "battleaxe",
    "lance",
    "maul",
    "quarterstaff",
    "trident",
  ],
  "Vex": [
    "blowgun",
    "crossbow-hand",
    "dart",
    "handaxe",
    "rapier",
    "shortbow",
    "shortsword",
  ],
}
`;
